Aug 25 12:23:25 honeypot-vicesolutions-sevayan sshd[23045]: Failed password for root from 101.126.66.68 port 55848 ssh2
Aug 25 12:23:27 honeypot-vicesolutions-sevayan sshd[23045]: Connection closed by 101.126.66.68 port 55848 [preauth]
Aug 25 12:23:28 honeypot-vicesolutions-sevayan sshd[23057]: Invalid user project from 14.99.254.18 port 59616
Aug 25 12:23:28 honeypot-vicesolutions-sevayan sshd[23057]: input_userauth_request: invalid user project [preauth]
Aug 25 12:23:28 honeypot-vicesolutions-sevayan sshd[23057]: pam_unix(sshd:auth): check pass; user unknown
Aug 25 12:23:28 honeypot-vicesolutions-sevayan sshd[23057]: pam_unix(sshd:auth): authentication failure; logname= uid=0 euid=0 tty=ssh ruser= rhost=14.99.254.18
Aug 25 12:23:31 honeypot-vicesolutions-sevayan sshd[23057]: Failed password for invalid user project from 14.99.254.18 port 59616 ssh2
Aug 25 12:23:31 honeypot-vicesolutions-sevayan sshd[23057]: Received disconnect from 14.99.254.18 port 59616:11: Bye Bye [preauth]
Aug 25 12:23:31 honeypot-vicesolutions-sevayan sshd[23057]: Disconnected from 14.99.254.18 port 59616 [preauth]
Aug 25 12:23:31 honeypot-vicesolutions-sevayan sshd[23066]: Invalid user lyne from 187.49.152.12 port 51494
Aug 25 12:23:31 honeypot-vicesolutions-sevayan sshd[23066]: input_userauth_request: invalid user lyne [preauth]
Aug 25 12:23:31 honeypot-vicesolutions-sevayan sshd[23066]: pam_unix(sshd:auth): check pass; user unknown
Aug 25 12:23:31 honeypot-vicesolutions-sevayan sshd[23066]: pam_unix(sshd:auth): authentication failure; logname= uid=0 euid=0 tty=ssh ruser= rhost=ns3.entertelecom.com.br
Aug 25 12:23:31 honeypot-vicesolutions-sevayan sshd[23059]: pam_unix(sshd:auth): authentication failure; logname= uid=0 euid=0 tty=ssh ruser= rhost=101.126.66.68  user=root
Aug 25 12:23:34 honeypot-vicesolutions-sevayan sshd[23059]: Failed password for root from 101.126.66.68 port 64168 ssh2
Aug 25 12:23:34 honeypot-vicesolutions-sevayan sshd[23066]: Failed password for invalid user lyne from 187.49.152.12 port 51494 ssh2
Aug 25 12:23:34 honeypot-vicesolutions-sevayan sshd[23066]: Received disconnect from 187.49.152.12 port 51494:11: Bye Bye [preauth]
Aug 25 12:23:34 honeypot-vicesolutions-sevayan sshd[23066]: Disconnected from 187.49.152.12 port 51494 [preauth]
Aug 25 12:23:34 honeypot-vicesolutions-sevayan sshd[23059]: Connection closed by 101.126.66.68 port 64168 [preauth]
Aug 25 12:23:39 honeypot-vicesolutions-sevayan sshd[23072]: pam_unix(sshd:auth): authentication failure; logname= uid=0 euid=0 tty=ssh ruser= rhost=101.126.66.68  user=root
Aug 25 12:23:42 honeypot-vicesolutions-sevayan sshd[23072]: Failed password for root from 101.126.66.68 port 24540 ssh2
Aug 25 12:23:42 honeypot-vicesolutions-sevayan sshd[23072]: Connection closed by 101.126.66.68 port 24540 [preauth]
Aug 25 12:23:43 honeypot-vicesolutions-sevayan sshd[23083]: Invalid user admin from 136.232.203.134 port 48378
Aug 25 12:23:43 honeypot-vicesolutions-sevayan sshd[23083]: input_userauth_request: invalid user admin [preauth]
Aug 25 12:23:43 honeypot-vicesolutions-sevayan sshd[23083]: pam_unix(sshd:auth): check pass; user unknown
Aug 25 12:23:43 honeypot-vicesolutions-sevayan sshd[23083]: pam_unix(sshd:auth): authentication failure; logname= uid=0 euid=0 tty=ssh ruser= rhost=136.232.203.134
Aug 25 12:23:46 honeypot-vicesolutions-sevayan sshd[23081]: pam_unix(sshd:auth): authentication failure; logname= uid=0 euid=0 tty=ssh ruser= rhost=101.126.66.68  user=root
Aug 25 12:23:46 honeypot-vicesolutions-sevayan sshd[23083]: Failed password for invalid user admin from 136.232.203.134 port 48378 ssh2
Aug 25 12:23:46 honeypot-vicesolutions-sevayan sshd[23083]: Received disconnect from 136.232.203.134 port 48378:11: Bye Bye [preauth]
Aug 25 12:23:46 honeypot-vicesolutions-sevayan sshd[23083]: Disconnected from 136.232.203.134 port 48378 [preauth]
Aug 25 12:23:47 honeypot-vicesolutions-sevayan sshd[23081]: Failed password for root from 101.126.66.68 port 49652 ssh2
Aug 25 12:23:48 honeypot-vicesolutions-sevayan sshd[23081]: Connection closed by 101.126.66.68 port 49652 [preauth]
Aug 25 12:23:51 honeypot-vicesolutions-sevayan sshd[23090]: pam_unix(sshd:auth): authentication failure; logname= uid=0 euid=0 tty=ssh ruser= rhost=101.126.66.68  user=root
Aug 25 12:23:53 honeypot-vicesolutions-sevayan sshd[23090]: Failed password for root from 101.126.66.68 port 41348 ssh2
Aug 25 12:23:55 honeypot-vicesolutions-sevayan sshd[23090]: Connection closed by 101.126.66.68 port 41348 [preauth]
Aug 25 12:23:59 honeypot-vicesolutions-sevayan sshd[23099]: pam_unix(sshd:auth): authentication failure; logname= uid=0 euid=0 tty=ssh ruser= rhost=101.126.66.68  user=root
Aug 25 12:24:01 honeypot-vicesolutions-sevayan sshd[23099]: Failed password for root from 101.126.66.68 port 41360 ssh2
Aug 25 12:24:01 honeypot-vicesolutions-sevayan sshd[23099]: Connection closed by 101.126.66.68 port 41360 [preauth]
Aug 25 12:24:06 honeypot-vicesolutions-sevayan sshd[23106]: pam_unix(sshd:auth): authentication failure; logname= uid=0 euid=0 tty=ssh ruser= rhost=101.126.66.68  user=root
Aug 25 12:24:08 honeypot-vicesolutions-sevayan sshd[23112]: Invalid user qt from 80.66.77.15 port 36122
Aug 25 12:24:08 honeypot-vicesolutions-sevayan sshd[23112]: input_userauth_request: invalid user qt [preauth]
Aug 25 12:24:08 honeypot-vicesolutions-sevayan sshd[23112]: pam_unix(sshd:auth): check pass; user unknown
Aug 25 12:24:08 honeypot-vicesolutions-sevayan sshd[23112]: pam_unix(sshd:auth): authentication failure; logname= uid=0 euid=0 tty=ssh ruser= rhost=80.66.77.15
Aug 25 12:24:08 honeypot-vicesolutions-sevayan sshd[23106]: Failed password for root from 101.126.66.68 port 14260 ssh2
Aug 25 12:24:09 honeypot-vicesolutions-sevayan sshd[23106]: Connection closed by 101.126.66.68 port 14260 [preauth]
Aug 25 12:24:09 honeypot-vicesolutions-sevayan sshd[23112]: Failed password for invalid user qt from 80.66.77.15 port 36122 ssh2
Aug 25 12:24:09 honeypot-vicesolutions-sevayan sshd[23112]: Received disconnect from 80.66.77.15 port 36122:11: Bye Bye [preauth]
Aug 25 12:24:09 honeypot-vicesolutions-sevayan sshd[23112]: Disconnected from 80.66.77.15 port 36122 [preauth]
Aug 25 12:24:18 honeypot-vicesolutions-sevayan sshd[23120]: pam_unix(sshd:auth): authentication failure; logname= uid=0 euid=0 tty=ssh ruser= rhost=101.126.66.68  user=root
Aug 25 12:24:20 honeypot-vicesolutions-sevayan sshd[23120]: Failed password for root from 101.126.66.68 port 47656 ssh2
Aug 25 12:24:21 honeypot-vicesolutions-sevayan sshd[23129]: Invalid user michael from 43.159.52.75 port 56716
Aug 25 12:24:21 honeypot-vicesolutions-sevayan sshd[23129]: input_userauth_request: invalid user michael [preauth]
Aug 25 12:24:21 honeypot-vicesolutions-sevayan sshd[23129]: pam_unix(sshd:auth): check pass; user unknown
Aug 25 12:24:21 honeypot-vicesolutions-sevayan sshd[23129]: pam_unix(sshd:auth): authentication failure; logname= uid=0 euid=0 tty=ssh ruser= rhost=43.159.52.75
Aug 25 12:24:21 honeypot-vicesolutions-sevayan sshd[23120]: Connection closed by 101.126.66.68 port 47656 [preauth]
Aug 25 12:24:22 honeypot-vicesolutions-sevayan sshd[23126]: pam_unix(sshd:auth): authentication failure; logname= uid=0 euid=0 tty=ssh ruser= rhost=101.126.70.175  user=root
Aug 25 12:24:22 honeypot-vicesolutions-sevayan sshd[23129]: Failed password for invalid user michael from 43.159.52.75 port 56716 ssh2
Aug 25 12:24:23 honeypot-vicesolutions-sevayan sshd[23129]: Received disconnect from 43.159.52.75 port 56716:11: Bye Bye [preauth]
Aug 25 12:24:23 honeypot-vicesolutions-sevayan sshd[23129]: Disconnected from 43.159.52.75 port 56716 [preauth]
Aug 25 12:24:24 honeypot-vicesolutions-sevayan sshd[23126]: Failed password for root from 101.126.70.175 port 34046 ssh2
Aug 25 12:24:24 honeypot-vicesolutions-sevayan sshd[23126]: Received disconnect from 101.126.70.175 port 34046:11: Bye Bye [preauth]
Aug 25 12:24:24 honeypot-vicesolutions-sevayan sshd[23126]: Disconnected from 101.126.70.175 port 34046 [preauth]
Aug 25 12:24:25 honeypot-vicesolutions-sevayan sshd[23136]: Invalid user jingfeng from 14.99.254.18 port 45392
Aug 25 12:24:25 honeypot-vicesolutions-sevayan sshd[23136]: input_userauth_request: invalid user jingfeng [preauth]
Aug 25 12:24:25 honeypot-vicesolutions-sevayan sshd[23136]: pam_unix(sshd:auth): check pass; user unknown
Aug 25 12:24:25 honeypot-vicesolutions-sevayan sshd[23136]: pam_unix(sshd:auth): authentication failure; logname= uid=0 euid=0 tty=ssh ruser= rhost=14.99.254.18
Aug 25 12:24:26 honeypot-vicesolutions-sevayan sshd[23132]: pam_unix(sshd:auth): authentication failure; logname= uid=0 euid=0 tty=ssh ruser= rhost=101.126.66.68  user=root
Aug 25 12:24:26 honeypot-vicesolutions-sevayan sshd[23136]: Failed password for invalid user jingfeng from 14.99.254.18 port 45392 ssh2
Aug 25 12:24:27 honeypot-vicesolutions-sevayan sshd[23136]: Received disconnect from 14.99.254.18 port 45392:11: Bye Bye [preauth]
Aug 25 12:24:27 honeypot-vicesolutions-sevayan sshd[23136]: Disconnected from 14.99.254.18 port 45392 [preauth]
Aug 25 12:24:28 honeypot-vicesolutions-sevayan sshd[23132]: Failed password for root from 101.126.66.68 port 22768 ssh2
Aug 25 12:24:29 honeypot-vicesolutions-sevayan sshd[23132]: Connection closed by 101.126.66.68 port 22768 [preauth]
Aug 25 12:24:36 honeypot-vicesolutions-sevayan sshd[23150]: Invalid user admin from 187.16.96.250 port 51776
Aug 25 12:24:36 honeypot-vicesolutions-sevayan sshd[23150]: input_userauth_request: invalid user admin [preauth]
Aug 25 12:24:36 honeypot-vicesolutions-sevayan sshd[23150]: pam_unix(sshd:auth): check pass; user unknown
Aug 25 12:24:36 honeypot-vicesolutions-sevayan sshd[23150]: pam_unix(sshd:auth): authentication failure; logname= uid=0 euid=0 tty=ssh ruser= rhost=mvx-187-16-96-250.mundivox.com
Aug 25 12:24:37 honeypot-vicesolutions-sevayan sshd[23143]: pam_unix(sshd:auth): authentication failure; logname= uid=0 euid=0 tty=ssh ruser= rhost=101.126.66.68  user=root
Aug 25 12:24:39 honeypot-vicesolutions-sevayan sshd[23150]: Failed password for invalid user admin from 187.16.96.250 port 51776 ssh2
Aug 25 12:24:39 honeypot-vicesolutions-sevayan sshd[23150]: Received disconnect from 187.16.96.250 port 51776:11: Bye Bye [preauth]
Aug 25 12:24:39 honeypot-vicesolutions-sevayan sshd[23150]: Disconnected from 187.16.96.250 port 51776 [preauth]
Aug 25 12:24:39 honeypot-vicesolutions-sevayan sshd[23143]: Failed password for root from 101.126.66.68 port 17490 ssh2
Aug 25 12:24:41 honeypot-vicesolutions-sevayan sshd[23158]: pam_unix(sshd:auth): authentication failure; logname= uid=0 euid=0 tty=ssh ruser= rhost=136.232.203.134  user=root
Aug 25 12:24:42 honeypot-vicesolutions-sevayan sshd[23160]: pam_unix(sshd:auth): authentication failure; logname= uid=0 euid=0 tty=ssh ruser= rhost=ns3.entertelecom.com.br  user=root
Aug 25 12:24:43 honeypot-vicesolutions-sevayan sshd[23158]: Failed password for root from 136.232.203.134 port 54866 ssh2
Aug 25 12:24:43 honeypot-vicesolutions-sevayan sshd[23158]: Received disconnect from 136.232.203.134 port 54866:11: Bye Bye [preauth]
Aug 25 12:24:43 honeypot-vicesolutions-sevayan sshd[23158]: Disconnected from 136.232.203.134 port 54866 [preauth]
Aug 25 12:24:44 honeypot-vicesolutions-sevayan sshd[23160]: Failed password for root from 187.49.152.12 port 40504 ssh2
Aug 25 12:24:44 honeypot-vicesolutions-sevayan sshd[23160]: Received disconnect from 187.49.152.12 port 40504:11: Bye Bye [preauth]
Aug 25 12:24:44 honeypot-vicesolutions-sevayan sshd[23160]: Disconnected from 187.49.152.12 port 40504 [preauth]
Aug 25 12:24:45 honeypot-vicesolutions-sevayan sshd[23162]: pam_unix(sshd:auth): authentication failure; logname= uid=0 euid=0 tty=ssh ruser= rhost=101.126.66.68  user=root
Aug 25 12:24:47 honeypot-vicesolutions-sevayan sshd[23162]: Failed password for root from 101.126.66.68 port 23922 ssh2
Aug 25 12:24:47 honeypot-vicesolutions-sevayan sshd[23162]: Connection closed by 101.126.66.68 port 23922 [preauth]
Aug 25 12:24:51 honeypot-vicesolutions-sevayan sshd[23175]: pam_unix(sshd:auth): authentication failure; logname= uid=0 euid=0 tty=ssh ruser= rhost=80.66.77.15  user=root
Aug 25 12:24:53 honeypot-vicesolutions-sevayan sshd[23170]: pam_unix(sshd:auth): authentication failure; logname= uid=0 euid=0 tty=ssh ruser= rhost=101.126.66.68  user=root
Aug 25 12:24:54 honeypot-vicesolutions-sevayan sshd[23175]: Failed password for root from 80.66.77.15 port 56162 ssh2
Aug 25 12:24:54 honeypot-vicesolutions-sevayan sshd[23175]: Received disconnect from 80.66.77.15 port 56162:11: Bye Bye [preauth]
Aug 25 12:24:54 honeypot-vicesolutions-sevayan sshd[23175]: Disconnected from 80.66.77.15 port 56162 [preauth]
Aug 25 12:24:55 honeypot-vicesolutions-sevayan sshd[23170]: Failed password for root from 101.126.66.68 port 42698 ssh2
Aug 25 12:24:55 honeypot-vicesolutions-sevayan sshd[23170]: Connection closed by 101.126.66.68 port 42698 [preauth]
Aug 25 12:25:00 honeypot-vicesolutions-sevayan sshd[23181]: pam_unix(sshd:auth): authentication failure; logname= uid=0 euid=0 tty=ssh ruser= rhost=101.126.66.68  user=root
Aug 25 12:25:02 honeypot-vicesolutions-sevayan sshd[23181]: Failed password for root from 101.126.66.68 port 42706 ssh2
Aug 25 12:25:02 honeypot-vicesolutions-sevayan sshd[23181]: Connection closed by 101.126.66.68 port 42706 [preauth]
Aug 25 12:25:05 honeypot-vicesolutions-sevayan sshd[23188]: pam_unix(sshd:auth): authentication failure; logname= uid=0 euid=0 tty=ssh ruser= rhost=101.126.66.68  user=root
Aug 25 12:25:07 honeypot-vicesolutions-sevayan sshd[23188]: Failed password for root from 101.126.66.68 port 65510 ssh2
Aug 25 12:25:08 honeypot-vicesolutions-sevayan sshd[23188]: Connection closed by 101.126.66.68 port 65510 [preauth]
Aug 25 12:25:08 honeypot-vicesolutions-sevayan sshd[23194]: Invalid user jingfeng from 43.159.52.75 port 34086
Aug 25 12:25:09 honeypot-vicesolutions-sevayan sshd[23194]: input_userauth_request: invalid user jingfeng [preauth]
Aug 25 12:25:09 honeypot-vicesolutions-sevayan sshd[23194]: pam_unix(sshd:auth): check pass; user unknown
Aug 25 12:25:09 honeypot-vicesolutions-sevayan sshd[23194]: pam_unix(sshd:auth): authentication failure; logname= uid=0 euid=0 tty=ssh ruser= rhost=43.159.52.75
Aug 25 12:25:10 honeypot-vicesolutions-sevayan sshd[23194]: Failed password for invalid user jingfeng from 43.159.52.75 port 34086 ssh2
Aug 25 12:25:10 honeypot-vicesolutions-sevayan sshd[23194]: Received disconnect from 43.159.52.75 port 34086:11: Bye Bye [preauth]
Aug 25 12:25:10 honeypot-vicesolutions-sevayan sshd[23194]: Disconnected from 43.159.52.75 port 34086 [preauth]
Aug 25 12:25:17 honeypot-vicesolutions-sevayan sshd[23202]: pam_unix(sshd:auth): authentication failure; logname= uid=0 euid=0 tty=ssh ruser= rhost=101.126.66.68  user=root
Aug 25 12:25:20 honeypot-vicesolutions-sevayan sshd[23202]: Failed password for root from 101.126.66.68 port 52772 ssh2
Aug 25 12:25:20 honeypot-vicesolutions-sevayan sshd[23202]: Connection closed by 101.126.66.68 port 52772 [preauth]
Aug 25 12:25:23 honeypot-vicesolutions-sevayan sshd[23211]: Invalid user user from 14.99.254.18 port 33686
Aug 25 12:25:23 honeypot-vicesolutions-sevayan sshd[23211]: input_userauth_request: invalid user user [preauth]
Aug 25 12:25:23 honeypot-vicesolutions-sevayan sshd[23211]: pam_unix(sshd:auth): check pass; user unknown
Aug 25 12:25:23 honeypot-vicesolutions-sevayan sshd[23211]: pam_unix(sshd:auth): authentication failure; logname= uid=0 euid=0 tty=ssh ruser= rhost=14.99.254.18
Aug 25 12:25:24 honeypot-vicesolutions-sevayan sshd[23211]: Failed password for invalid user user from 14.99.254.18 port 33686 ssh2
Aug 25 12:25:25 honeypot-vicesolutions-sevayan sshd[23211]: Received disconnect from 14.99.254.18 port 33686:11: Bye Bye [preauth]
Aug 25 12:25:25 honeypot-vicesolutions-sevayan sshd[23211]: Disconnected from 14.99.254.18 port 33686 [preauth]
Aug 25 12:25:25 honeypot-vicesolutions-sevayan sshd[23213]: pam_unix(sshd:auth): authentication failure; logname= uid=0 euid=0 tty=ssh ruser= rhost=101.126.66.68  user=root
Aug 25 12:25:27 honeypot-vicesolutions-sevayan sshd[23213]: Failed password for root from 101.126.66.68 port 55802 ssh2
Aug 25 12:25:28 honeypot-vicesolutions-sevayan sshd[23213]: Connection closed by 101.126.66.68 port 55802 [preauth]
Aug 25 12:25:33 honeypot-vicesolutions-sevayan sshd[23225]: Invalid user jia from 80.66.77.15 port 57160
Aug 25 12:25:33 honeypot-vicesolutions-sevayan sshd[23225]: input_userauth_request: invalid user jia [preauth]
Aug 25 12:25:33 honeypot-vicesolutions-sevayan sshd[23225]: pam_unix(sshd:auth): check pass; user unknown
Aug 25 12:25:33 honeypot-vicesolutions-sevayan sshd[23225]: pam_unix(sshd:auth): authentication failure; logname= uid=0 euid=0 tty=ssh ruser= rhost=80.66.77.15
Aug 25 12:25:33 honeypot-vicesolutions-sevayan sshd[23227]: Invalid user raquel from 187.16.96.250 port 52882
Aug 25 12:25:33 honeypot-vicesolutions-sevayan sshd[23227]: input_userauth_request: invalid user raquel [preauth]
Aug 25 12:25:33 honeypot-vicesolutions-sevayan sshd[23227]: pam_unix(sshd:auth): check pass; user unknown
Aug 25 12:25:33 honeypot-vicesolutions-sevayan sshd[23227]: pam_unix(sshd:auth): authentication failure; logname= uid=0 euid=0 tty=ssh ruser= rhost=mvx-187-16-96-250.mundivox.com
Aug 25 12:25:34 honeypot-vicesolutions-sevayan sshd[23221]: pam_unix(sshd:auth): authentication failure; logname= uid=0 euid=0 tty=ssh ruser= rhost=101.126.66.68  user=root
Aug 25 12:25:35 honeypot-vicesolutions-sevayan sshd[23225]: Failed password for invalid user jia from 80.66.77.15 port 57160 ssh2
Aug 25 12:25:35 honeypot-vicesolutions-sevayan sshd[23231]: Invalid user tata from 187.49.152.12 port 56404
Aug 25 12:25:35 honeypot-vicesolutions-sevayan sshd[23231]: input_userauth_request: invalid user tata [preauth]
Aug 25 12:25:35 honeypot-vicesolutions-sevayan sshd[23231]: pam_unix(sshd:auth): check pass; user unknown
Aug 25 12:25:35 honeypot-vicesolutions-sevayan sshd[23231]: pam_unix(sshd:auth): authentication failure; logname= uid=0 euid=0 tty=ssh ruser= rhost=ns3.entertelecom.com.br
Aug 25 12:25:35 honeypot-vicesolutions-sevayan sshd[23225]: Received disconnect from 80.66.77.15 port 57160:11: Bye Bye [preauth]
Aug 25 12:25:35 honeypot-vicesolutions-sevayan sshd[23225]: Disconnected from 80.66.77.15 port 57160 [preauth]
Aug 25 12:25:35 honeypot-vicesolutions-sevayan sshd[23227]: Failed password for invalid user raquel from 187.16.96.250 port 52882 ssh2
Aug 25 12:25:35 honeypot-vicesolutions-sevayan sshd[23221]: Failed password for root from 101.126.66.68 port 27268 ssh2
Aug 25 12:25:35 honeypot-vicesolutions-sevayan sshd[23227]: Received disconnect from 187.16.96.250 port 52882:11: Bye Bye [preauth]
Aug 25 12:25:35 honeypot-vicesolutions-sevayan sshd[23227]: Disconnected from 187.16.96.250 port 52882 [preauth]
Aug 25 12:25:36 honeypot-vicesolutions-sevayan sshd[23221]: Connection closed by 101.126.66.68 port 27268 [preauth]
Aug 25 12:25:37 honeypot-vicesolutions-sevayan sshd[23231]: Failed password for invalid user tata from 187.49.152.12 port 56404 ssh2
Aug 25 12:25:38 honeypot-vicesolutions-sevayan sshd[23231]: Received disconnect from 187.49.152.12 port 56404:11: Bye Bye [preauth]
Aug 25 12:25:38 honeypot-vicesolutions-sevayan sshd[23231]: Disconnected from 187.49.152.12 port 56404 [preauth]
Aug 25 12:25:39 honeypot-vicesolutions-sevayan sshd[23239]: Invalid user raquel from 136.232.203.134 port 60388
Aug 25 12:25:39 honeypot-vicesolutions-sevayan sshd[23239]: input_userauth_request: invalid user raquel [preauth]
Aug 25 12:25:39 honeypot-vicesolutions-sevayan sshd[23239]: pam_unix(sshd:auth): check pass; user unknown
Aug 25 12:25:39 honeypot-vicesolutions-sevayan sshd[23239]: pam_unix(sshd:auth): authentication failure; logname= uid=0 euid=0 tty=ssh ruser= rhost=136.232.203.134
Aug 25 12:25:39 honeypot-vicesolutions-sevayan sshd[23236]: pam_unix(sshd:auth): authentication failure; logname= uid=0 euid=0 tty=ssh ruser= rhost=101.126.66.68  user=root
Aug 25 12:25:40 honeypot-vicesolutions-sevayan sshd[23239]: Failed password for invalid user raquel from 136.232.203.134 port 60388 ssh2
Aug 25 12:25:40 honeypot-vicesolutions-sevayan sshd[23239]: Received disconnect from 136.232.203.134 port 60388:11: Bye Bye [preauth]
Aug 25 12:25:40 honeypot-vicesolutions-sevayan sshd[23239]: Disconnected from 136.232.203.134 port 60388 [preauth]
Aug 25 12:25:41 honeypot-vicesolutions-sevayan sshd[23236]: Failed password for root from 101.126.66.68 port 27278 ssh2
Aug 25 12:25:41 honeypot-vicesolutions-sevayan sshd[23243]: pam_unix(sshd:auth): authentication failure; logname= uid=0 euid=0 tty=ssh ruser= rhost=101.35.253.65  user=root
Aug 25 12:25:41 honeypot-vicesolutions-sevayan sshd[23236]: Connection closed by 101.126.66.68 port 27278 [preauth]
Aug 25 12:25:43 honeypot-vicesolutions-sevayan sshd[23243]: Failed password for root from 101.35.253.65 port 58194 ssh2
Aug 25 12:25:43 honeypot-vicesolutions-sevayan sshd[23243]: Received disconnect from 101.35.253.65 port 58194:11: Bye Bye [preauth]
Aug 25 12:25:43 honeypot-vicesolutions-sevayan sshd[23243]: Disconnected from 101.35.253.65 port 58194 [preauth]
Aug 25 12:25:47 honeypot-vicesolutions-sevayan sshd[23249]: pam_unix(sshd:auth): authentication failure; logname= uid=0 euid=0 tty=ssh ruser= rhost=101.126.66.68  user=root
Aug 25 12:25:49 honeypot-vicesolutions-sevayan sshd[23249]: Failed password for root from 101.126.66.68 port 51622 ssh2
Aug 25 12:25:51 honeypot-vicesolutions-sevayan sshd[23249]: Connection closed by 101.126.66.68 port 51622 [preauth]
Aug 25 12:25:54 honeypot-vicesolutions-sevayan sshd[23255]: pam_unix(sshd:auth): authentication failure; logname= uid=0 euid=0 tty=ssh ruser= rhost=101.126.66.68  user=root
Aug 25 12:25:55 honeypot-vicesolutions-sevayan sshd[23261]: pam_unix(sshd:auth): authentication failure; logname= uid=0 euid=0 tty=ssh ruser= rhost=43.159.52.75  user=root
Aug 25 12:25:56 honeypot-vicesolutions-sevayan sshd[23255]: Failed password for root from 101.126.66.68 port 21956 ssh2
Aug 25 12:25:57 honeypot-vicesolutions-sevayan sshd[23261]: Failed password for root from 43.159.52.75 port 60788 ssh2
Aug 25 12:25:57 honeypot-vicesolutions-sevayan sshd[23255]: Connection closed by 101.126.66.68 port 21956 [preauth]
Aug 25 12:25:57 honeypot-vicesolutions-sevayan sshd[23261]: Received disconnect from 43.159.52.75 port 60788:11: Bye Bye [preauth]
Aug 25 12:25:57 honeypot-vicesolutions-sevayan sshd[23261]: Disconnected from 43.159.52.75 port 60788 [preauth]
Aug 25 12:26:10 honeypot-vicesolutions-sevayan sshd[23269]: pam_unix(sshd:auth): authentication failure; logname= uid=0 euid=0 tty=ssh ruser= rhost=101.126.66.68  user=root
Aug 25 12:26:11 honeypot-vicesolutions-sevayan sshd[23278]: Invalid user ble from 101.35.253.65 port 36090
Aug 25 12:26:11 honeypot-vicesolutions-sevayan sshd[23278]: input_userauth_request: invalid user ble [preauth]
Aug 25 12:26:11 honeypot-vicesolutions-sevayan sshd[23278]: pam_unix(sshd:auth): check pass; user unknown
Aug 25 12:26:11 honeypot-vicesolutions-sevayan sshd[23278]: pam_unix(sshd:auth): authentication failure; logname= uid=0 euid=0 tty=ssh ruser= rhost=101.35.253.65
Aug 25 12:26:12 honeypot-vicesolutions-sevayan sshd[23269]: Failed password for root from 101.126.66.68 port 24942 ssh2
Aug 25 12:26:12 honeypot-vicesolutions-sevayan sshd[23269]: Connection closed by 101.126.66.68 port 24942 [preauth]
Aug 25 12:26:12 honeypot-vicesolutions-sevayan sshd[23280]: Invalid user qt from 14.99.254.18 port 37154
Aug 25 12:26:12 honeypot-vicesolutions-sevayan sshd[23280]: input_userauth_request: invalid user qt [preauth]
Aug 25 12:26:12 honeypot-vicesolutions-sevayan sshd[23280]: pam_unix(sshd:auth): check pass; user unknown
Aug 25 12:26:12 honeypot-vicesolutions-sevayan sshd[23280]: pam_unix(sshd:auth): authentication failure; logname= uid=0 euid=0 tty=ssh ruser= rhost=14.99.254.18
Aug 25 12:26:13 honeypot-vicesolutions-sevayan sshd[23278]: Failed password for invalid user ble from 101.35.253.65 port 36090 ssh2
Aug 25 12:26:14 honeypot-vicesolutions-sevayan sshd[23278]: Received disconnect from 101.35.253.65 port 36090:11: Bye Bye [preauth]
Aug 25 12:26:14 honeypot-vicesolutions-sevayan sshd[23278]: Disconnected from 101.35.253.65 port 36090 [preauth]
Aug 25 12:26:14 honeypot-vicesolutions-sevayan sshd[23280]: Failed password for invalid user qt from 14.99.254.18 port 37154 ssh2
Aug 25 12:26:15 honeypot-vicesolutions-sevayan sshd[23280]: Received disconnect from 14.99.254.18 port 37154:11: Bye Bye [preauth]
Aug 25 12:26:15 honeypot-vicesolutions-sevayan sshd[23280]: Disconnected from 14.99.254.18 port 37154 [preauth]
Aug 25 12:26:16 honeypot-vicesolutions-sevayan sshd[23284]: pam_unix(sshd:auth): authentication failure; logname= uid=0 euid=0 tty=ssh ruser= rhost=101.126.66.68  user=root
Aug 25 12:26:16 honeypot-vicesolutions-sevayan sshd[23290]: Invalid user spot from 80.66.77.15 port 45940
Aug 25 12:26:16 honeypot-vicesolutions-sevayan sshd[23290]: input_userauth_request: invalid user spot [preauth]
Aug 25 12:26:16 honeypot-vicesolutions-sevayan sshd[23290]: pam_unix(sshd:auth): check pass; user unknown
Aug 25 12:26:16 honeypot-vicesolutions-sevayan sshd[23290]: pam_unix(sshd:auth): authentication failure; logname= uid=0 euid=0 tty=ssh ruser= rhost=80.66.77.15
Aug 25 12:26:18 honeypot-vicesolutions-sevayan sshd[23284]: Failed password for root from 101.126.66.68 port 62678 ssh2
Aug 25 12:26:18 honeypot-vicesolutions-sevayan sshd[23284]: Connection closed by 101.126.66.68 port 62678 [preauth]
Aug 25 12:26:18 honeypot-vicesolutions-sevayan sshd[23290]: Failed password for invalid user spot from 80.66.77.15 port 45940 ssh2
Aug 25 12:26:18 honeypot-vicesolutions-sevayan sshd[23290]: Received disconnect from 80.66.77.15 port 45940:11: Bye Bye [preauth]
Aug 25 12:26:18 honeypot-vicesolutions-sevayan sshd[23290]: Disconnected from 80.66.77.15 port 45940 [preauth]
Aug 25 12:26:20 honeypot-vicesolutions-sevayan sshd[23297]: Invalid user bbs from 187.16.96.250 port 52656
Aug 25 12:26:20 honeypot-vicesolutions-sevayan sshd[23297]: input_userauth_request: invalid user bbs [preauth]
Aug 25 12:26:20 honeypot-vicesolutions-sevayan sshd[23297]: pam_unix(sshd:auth): check pass; user unknown
Aug 25 12:26:20 honeypot-vicesolutions-sevayan sshd[23297]: pam_unix(sshd:auth): authentication failure; logname= uid=0 euid=0 tty=ssh ruser= rhost=mvx-187-16-96-250.mundivox.com
Aug 25 12:26:22 honeypot-vicesolutions-sevayan sshd[23297]: Failed password for invalid user bbs from 187.16.96.250 port 52656 ssh2
Aug 25 12:26:22 honeypot-vicesolutions-sevayan sshd[23297]: Received disconnect from 187.16.96.250 port 52656:11: Bye Bye [preauth]
Aug 25 12:26:22 honeypot-vicesolutions-sevayan sshd[23297]: Disconnected from 187.16.96.250 port 52656 [preauth]
Aug 25 12:26:23 honeypot-vicesolutions-sevayan sshd[23295]: pam_unix(sshd:auth): authentication failure; logname= uid=0 euid=0 tty=ssh ruser= rhost=101.126.66.68  user=root
Aug 25 12:26:23 honeypot-vicesolutions-sevayan sshd[23288]: Invalid user michael from 101.126.70.175 port 45482
Aug 25 12:26:23 honeypot-vicesolutions-sevayan sshd[23288]: input_userauth_request: invalid user michael [preauth]
Aug 25 12:26:23 honeypot-vicesolutions-sevayan sshd[23288]: pam_unix(sshd:auth): check pass; user unknown
Aug 25 12:26:23 honeypot-vicesolutions-sevayan sshd[23288]: pam_unix(sshd:auth): authentication failure; logname= uid=0 euid=0 tty=ssh ruser= rhost=101.126.70.175
Aug 25 12:26:25 honeypot-vicesolutions-sevayan sshd[23295]: Failed password for root from 101.126.66.68 port 48826 ssh2
Aug 25 12:26:25 honeypot-vicesolutions-sevayan sshd[23288]: Failed password for invalid user michael from 101.126.70.175 port 45482 ssh2
Aug 25 12:26:25 honeypot-vicesolutions-sevayan sshd[23295]: Connection closed by 101.126.66.68 port 48826 [preauth]
Aug 25 12:26:25 honeypot-vicesolutions-sevayan sshd[23288]: Received disconnect from 101.126.70.175 port 45482:11: Bye Bye [preauth]
Aug 25 12:26:25 honeypot-vicesolutions-sevayan sshd[23288]: Disconnected from 101.126.70.175 port 45482 [preauth]
Aug 25 12:26:26 honeypot-vicesolutions-sevayan sshd[23304]: Invalid user gerrit from 187.49.152.12 port 44074
Aug 25 12:26:26 honeypot-vicesolutions-sevayan sshd[23304]: input_userauth_request: invalid user gerrit [preauth]
Aug 25 12:26:26 honeypot-vicesolutions-sevayan sshd[23304]: pam_unix(sshd:auth): check pass; user unknown
Aug 25 12:26:26 honeypot-vicesolutions-sevayan sshd[23304]: pam_unix(sshd:auth): authentication failure; logname= uid=0 euid=0 tty=ssh ruser= rhost=ns3.entertelecom.com.br
Aug 25 12:26:26 honeypot-vicesolutions-sevayan sshd[23306]: pam_unix(sshd:auth): authentication failure; logname= uid=0 euid=0 tty=ssh ruser= rhost=136.232.203.134  user=root
Aug 25 12:26:28 honeypot-vicesolutions-sevayan sshd[23304]: Failed password for invalid user gerrit from 187.49.152.12 port 44074 ssh2
Aug 25 12:26:28 honeypot-vicesolutions-sevayan sshd[23306]: Failed password for root from 136.232.203.134 port 39878 ssh2
Aug 25 12:26:28 honeypot-vicesolutions-sevayan sshd[23304]: Received disconnect from 187.49.152.12 port 44074:11: Bye Bye [preauth]
Aug 25 12:26:28 honeypot-vicesolutions-sevayan sshd[23304]: Disconnected from 187.49.152.12 port 44074 [preauth]
Aug 25 12:26:28 honeypot-vicesolutions-sevayan sshd[23306]: Received disconnect from 136.232.203.134 port 39878:11: Bye Bye [preauth]
Aug 25 12:26:28 honeypot-vicesolutions-sevayan sshd[23306]: Disconnected from 136.232.203.134 port 39878 [preauth]
Aug 25 12:26:32 honeypot-vicesolutions-sevayan sshd[23309]: pam_unix(sshd:auth): authentication failure; logname= uid=0 euid=0 tty=ssh ruser= rhost=101.126.66.68  user=root
Aug 25 12:26:34 honeypot-vicesolutions-sevayan sshd[23309]: Failed password for root from 101.126.66.68 port 48836 ssh2
Aug 25 12:26:35 honeypot-vicesolutions-sevayan sshd[23309]: Connection closed by 101.126.66.68 port 48836 [preauth]
Aug 25 12:26:39 honeypot-vicesolutions-sevayan sshd[23324]: Invalid user ritwik from 43.159.52.75 port 55104
Aug 25 12:26:39 honeypot-vicesolutions-sevayan sshd[23324]: input_userauth_request: invalid user ritwik [preauth]
Aug 25 12:26:39 honeypot-vicesolutions-sevayan sshd[23324]: pam_unix(sshd:auth): check pass; user unknown
Aug 25 12:26:39 honeypot-vicesolutions-sevayan sshd[23324]: pam_unix(sshd:auth): authentication failure; logname= uid=0 euid=0 tty=ssh ruser= rhost=43.159.52.75
Aug 25 12:26:40 honeypot-vicesolutions-sevayan sshd[23324]: Failed password for invalid user ritwik from 43.159.52.75 port 55104 ssh2
Aug 25 12:26:41 honeypot-vicesolutions-sevayan sshd[23324]: Received disconnect from 43.159.52.75 port 55104:11: Bye Bye [preauth]
Aug 25 12:26:41 honeypot-vicesolutions-sevayan sshd[23324]: Disconnected from 43.159.52.75 port 55104 [preauth]
Aug 25 12:26:46 honeypot-vicesolutions-sevayan sshd[23326]: pam_unix(sshd:auth): authentication failure; logname= uid=0 euid=0 tty=ssh ruser= rhost=101.126.66.68  user=root
Aug 25 12:26:47 honeypot-vicesolutions-sevayan sshd[23335]: pam_unix(sshd:auth): authentication failure; logname= uid=0 euid=0 tty=ssh ruser= rhost=101.35.253.65  user=root
Aug 25 12:26:48 honeypot-vicesolutions-sevayan sshd[23326]: Failed password for root from 101.126.66.68 port 32224 ssh2
Aug 25 12:26:48 honeypot-vicesolutions-sevayan sshd[23326]: Connection closed by 101.126.66.68 port 32224 [preauth]
Aug 25 12:26:49 honeypot-vicesolutions-sevayan sshd[23335]: Failed password for root from 101.35.253.65 port 42224 ssh2
Aug 25 12:26:49 honeypot-vicesolutions-sevayan sshd[23335]: Received disconnect from 101.35.253.65 port 42224:11: Bye Bye [preauth]
Aug 25 12:26:49 honeypot-vicesolutions-sevayan sshd[23335]: Disconnected from 101.35.253.65 port 42224 [preauth]
Aug 25 12:26:54 honeypot-vicesolutions-sevayan sshd[23339]: pam_unix(sshd:auth): authentication failure; logname= uid=0 euid=0 tty=ssh ruser= rhost=101.126.66.68  user=root
Aug 25 12:26:56 honeypot-vicesolutions-sevayan sshd[23339]: Failed password for root from 101.126.66.68 port 23588 ssh2
Aug 25 12:26:56 honeypot-vicesolutions-sevayan sshd[23339]: Connection closed by 101.126.66.68 port 23588 [preauth]
Aug 25 12:26:58 honeypot-vicesolutions-sevayan sshd[23350]: pam_unix(sshd:auth): authentication failure; logname= uid=0 euid=0 tty=ssh ruser= rhost=14.99.254.18  user=root
Aug 25 12:27:00 honeypot-vicesolutions-sevayan sshd[23350]: Failed password for root from 14.99.254.18 port 35900 ssh2
Aug 25 12:27:01 honeypot-vicesolutions-sevayan sshd[23350]: Received disconnect from 14.99.254.18 port 35900:11: Bye Bye [preauth]
Aug 25 12:27:01 honeypot-vicesolutions-sevayan sshd[23350]: Disconnected from 14.99.254.18 port 35900 [preauth]
Aug 25 12:27:03 honeypot-vicesolutions-sevayan sshd[23356]: Invalid user michael from 80.66.77.15 port 56952
Aug 25 12:27:03 honeypot-vicesolutions-sevayan sshd[23356]: input_userauth_request: invalid user michael [preauth]
Aug 25 12:27:03 honeypot-vicesolutions-sevayan sshd[23356]: pam_unix(sshd:auth): check pass; user unknown
Aug 25 12:27:03 honeypot-vicesolutions-sevayan sshd[23356]: pam_unix(sshd:auth): authentication failure; logname= uid=0 euid=0 tty=ssh ruser= rhost=80.66.77.15
Aug 25 12:27:04 honeypot-vicesolutions-sevayan sshd[23348]: pam_unix(sshd:auth): authentication failure; logname= uid=0 euid=0 tty=ssh ruser= rhost=101.126.66.68  user=root
Aug 25 12:27:05 honeypot-vicesolutions-sevayan sshd[23356]: Failed password for invalid user michael from 80.66.77.15 port 56952 ssh2
Aug 25 12:27:05 honeypot-vicesolutions-sevayan sshd[23356]: Received disconnect from 80.66.77.15 port 56952:11: Bye Bye [preauth]
Aug 25 12:27:05 honeypot-vicesolutions-sevayan sshd[23356]: Disconnected from 80.66.77.15 port 56952 [preauth]
Aug 25 12:27:05 honeypot-vicesolutions-sevayan sshd[23348]: Failed password for root from 101.126.66.68 port 31154 ssh2
Aug 25 12:27:06 honeypot-vicesolutions-sevayan sshd[23348]: Connection closed by 101.126.66.68 port 31154 [preauth]
Aug 25 12:27:07 honeypot-vicesolutions-sevayan sshd[23361]: Invalid user project from 187.16.96.250 port 54792
Aug 25 12:27:07 honeypot-vicesolutions-sevayan sshd[23361]: input_userauth_request: invalid user project [preauth]
Aug 25 12:27:07 honeypot-vicesolutions-sevayan sshd[23361]: pam_unix(sshd:auth): check pass; user unknown
Aug 25 12:27:07 honeypot-vicesolutions-sevayan sshd[23361]: pam_unix(sshd:auth): authentication failure; logname= uid=0 euid=0 tty=ssh ruser= rhost=mvx-187-16-96-250.mundivox.com
Aug 25 12:27:10 honeypot-vicesolutions-sevayan sshd[23361]: Failed password for invalid user project from 187.16.96.250 port 54792 ssh2
Aug 25 12:27:10 honeypot-vicesolutions-sevayan sshd[23361]: Received disconnect from 187.16.96.250 port 54792:11: Bye Bye [preauth]
Aug 25 12:27:10 honeypot-vicesolutions-sevayan sshd[23361]: Disconnected from 187.16.96.250 port 54792 [preauth]
Aug 25 12:27:12 honeypot-vicesolutions-sevayan sshd[23369]: pam_unix(sshd:auth): authentication failure; logname= uid=0 euid=0 tty=ssh ruser= rhost=136.232.203.134  user=root
Aug 25 12:27:13 honeypot-vicesolutions-sevayan sshd[23366]: pam_unix(sshd:auth): authentication failure; logname= uid=0 euid=0 tty=ssh ruser= rhost=101.126.66.68  user=root
Aug 25 12:27:14 honeypot-vicesolutions-sevayan sshd[23369]: Failed password for root from 136.232.203.134 port 53504 ssh2
Aug 25 12:27:14 honeypot-vicesolutions-sevayan sshd[23369]: Received disconnect from 136.232.203.134 port 53504:11: Bye Bye [preauth]
Aug 25 12:27:14 honeypot-vicesolutions-sevayan sshd[23369]: Disconnected from 136.232.203.134 port 53504 [preauth]
Aug 25 12:27:16 honeypot-vicesolutions-sevayan sshd[23366]: Failed password for root from 101.126.66.68 port 43414 ssh2
Aug 25 12:27:16 honeypot-vicesolutions-sevayan sshd[23366]: Connection closed by 101.126.66.68 port 43414 [preauth]
Aug 25 12:27:18 honeypot-vicesolutions-sevayan sshd[23379]: pam_unix(sshd:auth): authentication failure; logname= uid=0 euid=0 tty=ssh ruser= rhost=ns3.entertelecom.com.br  user=root
Aug 25 12:27:18 honeypot-vicesolutions-sevayan sshd[23381]: Invalid user naveen from 101.35.253.65 port 48364
Aug 25 12:27:18 honeypot-vicesolutions-sevayan sshd[23381]: input_userauth_request: invalid user naveen [preauth]
Aug 25 12:27:18 honeypot-vicesolutions-sevayan sshd[23381]: pam_unix(sshd:auth): check pass; user unknown
Aug 25 12:27:18 honeypot-vicesolutions-sevayan sshd[23381]: pam_unix(sshd:auth): authentication failure; logname= uid=0 euid=0 tty=ssh ruser= rhost=101.35.253.65
Aug 25 12:27:20 honeypot-vicesolutions-sevayan sshd[23379]: Failed password for root from 187.49.152.12 port 59982 ssh2
Aug 25 12:27:20 honeypot-vicesolutions-sevayan sshd[23379]: Received disconnect from 187.49.152.12 port 59982:11: Bye Bye [preauth]
Aug 25 12:27:20 honeypot-vicesolutions-sevayan sshd[23379]: Disconnected from 187.49.152.12 port 59982 [preauth]
Aug 25 12:27:21 honeypot-vicesolutions-sevayan sshd[23381]: Failed password for invalid user naveen from 101.35.253.65 port 48364 ssh2
Aug 25 12:27:21 honeypot-vicesolutions-sevayan sshd[23381]: Received disconnect from 101.35.253.65 port 48364:11: Bye Bye [preauth]
Aug 25 12:27:21 honeypot-vicesolutions-sevayan sshd[23381]: Disconnected from 101.35.253.65 port 48364 [preauth]
Aug 25 12:27:21 honeypot-vicesolutions-sevayan sshd[23377]: pam_unix(sshd:auth): authentication failure; logname= uid=0 euid=0 tty=ssh ruser= rhost=101.126.66.68  user=root
Aug 25 12:27:23 honeypot-vicesolutions-sevayan sshd[23387]: pam_unix(sshd:auth): authentication failure; logname= uid=0 euid=0 tty=ssh ruser= rhost=43.159.52.75  user=root
Aug 25 12:27:23 honeypot-vicesolutions-sevayan sshd[23377]: Failed password for root from 101.126.66.68 port 28202 ssh2
Aug 25 12:27:23 honeypot-vicesolutions-sevayan sshd[23377]: Connection closed by 101.126.66.68 port 28202 [preauth]
Aug 25 12:27:25 honeypot-vicesolutions-sevayan sshd[23387]: Failed password for root from 43.159.52.75 port 49898 ssh2
Aug 25 12:27:25 honeypot-vicesolutions-sevayan sshd[23387]: Received disconnect from 43.159.52.75 port 49898:11: Bye Bye [preauth]
Aug 25 12:27:25 honeypot-vicesolutions-sevayan sshd[23387]: Disconnected from 43.159.52.75 port 49898 [preauth]
Aug 25 12:27:28 honeypot-vicesolutions-sevayan sshd[23391]: pam_unix(sshd:auth): authentication failure; logname= uid=0 euid=0 tty=ssh ruser= rhost=101.126.66.68  user=root
Aug 25 12:27:31 honeypot-vicesolutions-sevayan sshd[23391]: Failed password for root from 101.126.66.68 port 28218 ssh2
Aug 25 12:27:31 honeypot-vicesolutions-sevayan sshd[23391]: Connection closed by 101.126.66.68 port 28218 [preauth]
Aug 25 12:27:34 honeypot-vicesolutions-sevayan sshd[23399]: pam_unix(sshd:auth): authentication failure; logname= uid=0 euid=0 tty=ssh ruser= rhost=101.126.66.68  user=root
Aug 25 12:27:36 honeypot-vicesolutions-sevayan sshd[23399]: Failed password for root from 101.126.66.68 port 16446 ssh2
Aug 25 12:27:37 honeypot-vicesolutions-sevayan sshd[23399]: Connection closed by 101.126.66.68 port 16446 [preauth]
Aug 25 12:27:44 honeypot-vicesolutions-sevayan sshd[23415]: Invalid user changeme from 185.234.216.97 port 37568
Aug 25 12:27:44 honeypot-vicesolutions-sevayan sshd[23415]: input_userauth_request: invalid user changeme [preauth]
Aug 25 12:27:44 honeypot-vicesolutions-sevayan sshd[23415]: pam_unix(sshd:auth): check pass; user unknown
Aug 25 12:27:44 honeypot-vicesolutions-sevayan sshd[23415]: pam_unix(sshd:auth): authentication failure; logname= uid=0 euid=0 tty=ssh ruser= rhost=185.234.216.97
Aug 25 12:27:46 honeypot-vicesolutions-sevayan sshd[23419]: pam_unix(sshd:auth): authentication failure; logname= uid=0 euid=0 tty=ssh ruser= rhost=80.66.77.15  user=root
Aug 25 12:27:46 honeypot-vicesolutions-sevayan sshd[23415]: Failed password for invalid user changeme from 185.234.216.97 port 37568 ssh2
Aug 25 12:27:46 honeypot-vicesolutions-sevayan sshd[23415]: Received disconnect from 185.234.216.97 port 37568:11: Client disconnecting normally [preauth]
Aug 25 12:27:46 honeypot-vicesolutions-sevayan sshd[23415]: Disconnected from 185.234.216.97 port 37568 [preauth]
Aug 25 12:27:47 honeypot-vicesolutions-sevayan sshd[23419]: Failed password for root from 80.66.77.15 port 56988 ssh2
Aug 25 12:27:48 honeypot-vicesolutions-sevayan sshd[23419]: Received disconnect from 80.66.77.15 port 56988:11: Bye Bye [preauth]
Aug 25 12:27:48 honeypot-vicesolutions-sevayan sshd[23419]: Disconnected from 80.66.77.15 port 56988 [preauth]
Aug 25 12:27:49 honeypot-vicesolutions-sevayan sshd[23423]: Invalid user dba from 101.35.253.65 port 54500
Aug 25 12:27:49 honeypot-vicesolutions-sevayan sshd[23423]: input_userauth_request: invalid user dba [preauth]
Aug 25 12:27:49 honeypot-vicesolutions-sevayan sshd[23423]: pam_unix(sshd:auth): check pass; user unknown
Aug 25 12:27:49 honeypot-vicesolutions-sevayan sshd[23423]: pam_unix(sshd:auth): authentication failure; logname= uid=0 euid=0 tty=ssh ruser= rhost=101.35.253.65
Aug 25 12:27:51 honeypot-vicesolutions-sevayan sshd[23408]: pam_unix(sshd:auth): authentication failure; logname= uid=0 euid=0 tty=ssh ruser= rhost=101.126.66.68  user=root
Aug 25 12:27:51 honeypot-vicesolutions-sevayan sshd[23423]: Failed password for invalid user dba from 101.35.253.65 port 54500 ssh2
Aug 25 12:27:51 honeypot-vicesolutions-sevayan sshd[23423]: Received disconnect from 101.35.253.65 port 54500:11: Bye Bye [preauth]
Aug 25 12:27:51 honeypot-vicesolutions-sevayan sshd[23423]: Disconnected from 101.35.253.65 port 54500 [preauth]
Aug 25 12:27:52 honeypot-vicesolutions-sevayan sshd[23430]: Invalid user neiva from 14.99.254.18 port 45952
Aug 25 12:27:52 honeypot-vicesolutions-sevayan sshd[23430]: input_userauth_request: invalid user neiva [preauth]
Aug 25 12:27:52 honeypot-vicesolutions-sevayan sshd[23430]: pam_unix(sshd:auth): check pass; user unknown
Aug 25 12:27:52 honeypot-vicesolutions-sevayan sshd[23430]: pam_unix(sshd:auth): authentication failure; logname= uid=0 euid=0 tty=ssh ruser= rhost=14.99.254.18
Aug 25 12:27:53 honeypot-vicesolutions-sevayan sshd[23408]: Failed password for root from 101.126.66.68 port 18706 ssh2
Aug 25 12:27:53 honeypot-vicesolutions-sevayan sshd[23408]: Connection closed by 101.126.66.68 port 18706 [preauth]
Aug 25 12:27:54 honeypot-vicesolutions-sevayan sshd[23430]: Failed password for invalid user neiva from 14.99.254.18 port 45952 ssh2
Aug 25 12:27:55 honeypot-vicesolutions-sevayan sshd[23430]: Received disconnect from 14.99.254.18 port 45952:11: Bye Bye [preauth]
Aug 25 12:27:55 honeypot-vicesolutions-sevayan sshd[23430]: Disconnected from 14.99.254.18 port 45952 [preauth]
Aug 25 12:27:56 honeypot-vicesolutions-sevayan sshd[23426]: Invalid user admin from 101.126.70.175 port 51516
Aug 25 12:27:56 honeypot-vicesolutions-sevayan sshd[23426]: input_userauth_request: invalid user admin [preauth]
Aug 25 12:27:56 honeypot-vicesolutions-sevayan sshd[23426]: pam_unix(sshd:auth): check pass; user unknown
Aug 25 12:27:56 honeypot-vicesolutions-sevayan sshd[23426]: pam_unix(sshd:auth): authentication failure; logname= uid=0 euid=0 tty=ssh ruser= rhost=101.126.70.175
Aug 25 12:27:57 honeypot-vicesolutions-sevayan sshd[23426]: Failed password for invalid user admin from 101.126.70.175 port 51516 ssh2
Aug 25 12:27:58 honeypot-vicesolutions-sevayan sshd[23426]: Received disconnect from 101.126.70.175 port 51516:11: Bye Bye [preauth]
Aug 25 12:27:58 honeypot-vicesolutions-sevayan sshd[23426]: Disconnected from 101.126.70.175 port 51516 [preauth]
Aug 25 12:27:58 honeypot-vicesolutions-sevayan sshd[23437]: Invalid user salar from 187.16.96.250 port 56112
Aug 25 12:27:58 honeypot-vicesolutions-sevayan sshd[23437]: input_userauth_request: invalid user salar [preauth]
Aug 25 12:27:58 honeypot-vicesolutions-sevayan sshd[23437]: pam_unix(sshd:auth): check pass; user unknown
Aug 25 12:27:58 honeypot-vicesolutions-sevayan sshd[23437]: pam_unix(sshd:auth): authentication failure; logname= uid=0 euid=0 tty=ssh ruser= rhost=mvx-187-16-96-250.mundivox.com
Aug 25 12:28:00 honeypot-vicesolutions-sevayan sshd[23437]: Failed password for invalid user salar from 187.16.96.250 port 56112 ssh2
Aug 25 12:28:00 honeypot-vicesolutions-sevayan sshd[23437]: Received disconnect from 187.16.96.250 port 56112:11: Bye Bye [preauth]
Aug 25 12:28:00 honeypot-vicesolutions-sevayan sshd[23437]: Disconnected from 187.16.96.250 port 56112 [preauth]
Aug 25 12:28:00 honeypot-vicesolutions-sevayan sshd[23441]: Invalid user jingfeng from 136.232.203.134 port 51360
Aug 25 12:28:00 honeypot-vicesolutions-sevayan sshd[23441]: input_userauth_request: invalid user jingfeng [preauth]
Aug 25 12:28:00 honeypot-vicesolutions-sevayan sshd[23441]: pam_unix(sshd:auth): check pass; user unknown
Aug 25 12:28:00 honeypot-vicesolutions-sevayan sshd[23441]: pam_unix(sshd:auth): authentication failure; logname= uid=0 euid=0 tty=ssh ruser= rhost=136.232.203.134
Aug 25 12:28:03 honeypot-vicesolutions-sevayan sshd[23441]: Failed password for invalid user jingfeng from 136.232.203.134 port 51360 ssh2
Aug 25 12:28:03 honeypot-vicesolutions-sevayan sshd[23441]: Received disconnect from 136.232.203.134 port 51360:11: Bye Bye [preauth]
Aug 25 12:28:03 honeypot-vicesolutions-sevayan sshd[23441]: Disconnected from 136.232.203.134 port 51360 [preauth]
Aug 25 12:28:09 honeypot-vicesolutions-sevayan sshd[23451]: Invalid user dba from 187.49.152.12 port 47652
Aug 25 12:28:09 honeypot-vicesolutions-sevayan sshd[23451]: input_userauth_request: invalid user dba [preauth]
Aug 25 12:28:09 honeypot-vicesolutions-sevayan sshd[23451]: pam_unix(sshd:auth): check pass; user unknown
Aug 25 12:28:09 honeypot-vicesolutions-sevayan sshd[23451]: pam_unix(sshd:auth): authentication failure; logname= uid=0 euid=0 tty=ssh ruser= rhost=ns3.entertelecom.com.br
Aug 25 12:28:10 honeypot-vicesolutions-sevayan sshd[23451]: Failed password for invalid user dba from 187.49.152.12 port 47652 ssh2
Aug 25 12:28:10 honeypot-vicesolutions-sevayan sshd[23451]: Received disconnect from 187.49.152.12 port 47652:11: Bye Bye [preauth]
Aug 25 12:28:10 honeypot-vicesolutions-sevayan sshd[23451]: Disconnected from 187.49.152.12 port 47652 [preauth]
Aug 25 12:28:11 honeypot-vicesolutions-sevayan sshd[23455]: Invalid user jane from 43.159.52.75 port 45902
Aug 25 12:28:11 honeypot-vicesolutions-sevayan sshd[23455]: input_userauth_request: invalid user jane [preauth]
Aug 25 12:28:11 honeypot-vicesolutions-sevayan sshd[23455]: pam_unix(sshd:auth): check pass; user unknown
Aug 25 12:28:11 honeypot-vicesolutions-sevayan sshd[23455]: pam_unix(sshd:auth): authentication failure; logname= uid=0 euid=0 tty=ssh ruser= rhost=43.159.52.75
Aug 25 12:28:13 honeypot-vicesolutions-sevayan sshd[23455]: Failed password for invalid user jane from 43.159.52.75 port 45902 ssh2
Aug 25 12:28:13 honeypot-vicesolutions-sevayan sshd[23455]: Received disconnect from 43.159.52.75 port 45902:11: Bye Bye [preauth]
Aug 25 12:28:13 honeypot-vicesolutions-sevayan sshd[23455]: Disconnected from 43.159.52.75 port 45902 [preauth]
Aug 25 12:28:19 honeypot-vicesolutions-sevayan sshd[23464]: Invalid user oper from 101.35.253.65 port 60640
Aug 25 12:28:19 honeypot-vicesolutions-sevayan sshd[23464]: input_userauth_request: invalid user oper [preauth]
Aug 25 12:28:19 honeypot-vicesolutions-sevayan sshd[23464]: pam_unix(sshd:auth): check pass; user unknown
Aug 25 12:28:19 honeypot-vicesolutions-sevayan sshd[23464]: pam_unix(sshd:auth): authentication failure; logname= uid=0 euid=0 tty=ssh ruser= rhost=101.35.253.65
Aug 25 12:28:21 honeypot-vicesolutions-sevayan sshd[23464]: Failed password for invalid user oper from 101.35.253.65 port 60640 ssh2
Aug 25 12:28:22 honeypot-vicesolutions-sevayan sshd[23464]: Received disconnect from 101.35.253.65 port 60640:11: Bye Bye [preauth]
Aug 25 12:28:22 honeypot-vicesolutions-sevayan sshd[23464]: Disconnected from 101.35.253.65 port 60640 [preauth]
Aug 25 12:28:27 honeypot-vicesolutions-sevayan sshd[23472]: Invalid user bbs from 80.66.77.15 port 37446
Aug 25 12:28:27 honeypot-vicesolutions-sevayan sshd[23472]: input_userauth_request: invalid user bbs [preauth]
Aug 25 12:28:27 honeypot-vicesolutions-sevayan sshd[23472]: pam_unix(sshd:auth): check pass; user unknown
Aug 25 12:28:27 honeypot-vicesolutions-sevayan sshd[23472]: pam_unix(sshd:auth): authentication failure; logname= uid=0 euid=0 tty=ssh ruser= rhost=80.66.77.15
Aug 25 12:28:29 honeypot-vicesolutions-sevayan sshd[23472]: Failed password for invalid user bbs from 80.66.77.15 port 37446 ssh2
Aug 25 12:28:29 honeypot-vicesolutions-sevayan sshd[23472]: Received disconnect from 80.66.77.15 port 37446:11: Bye Bye [preauth]
Aug 25 12:28:29 honeypot-vicesolutions-sevayan sshd[23472]: Disconnected from 80.66.77.15 port 37446 [preauth]
Aug 25 12:28:38 honeypot-vicesolutions-sevayan sshd[23443]: pam_unix(sshd:auth): authentication failure; logname= uid=0 euid=0 tty=ssh ruser= rhost=101.126.66.68  user=root
Aug 25 12:28:40 honeypot-vicesolutions-sevayan sshd[23443]: Failed password for root from 101.126.66.68 port 34172 ssh2
Aug 25 12:28:41 honeypot-vicesolutions-sevayan sshd[23443]: Connection closed by 101.126.66.68 port 34172 [preauth]
Aug 25 12:28:44 honeypot-vicesolutions-sevayan sshd[23492]: pam_unix(sshd:auth): authentication failure; logname= uid=0 euid=0 tty=ssh ruser= rhost=14.99.254.18  user=root
Aug 25 12:28:44 honeypot-vicesolutions-sevayan sshd[23488]: pam_unix(sshd:auth): authentication failure; logname= uid=0 euid=0 tty=ssh ruser= rhost=101.126.66.68  user=root
Aug 25 12:28:47 honeypot-vicesolutions-sevayan sshd[23496]: Invalid user jane from 187.16.96.250 port 48768
Aug 25 12:28:47 honeypot-vicesolutions-sevayan sshd[23496]: input_userauth_request: invalid user jane [preauth]
Aug 25 12:28:47 honeypot-vicesolutions-sevayan sshd[23496]: pam_unix(sshd:auth): check pass; user unknown
Aug 25 12:28:47 honeypot-vicesolutions-sevayan sshd[23496]: pam_unix(sshd:auth): authentication failure; logname= uid=0 euid=0 tty=ssh ruser= rhost=mvx-187-16-96-250.mundivox.com
Aug 25 12:28:47 honeypot-vicesolutions-sevayan sshd[23492]: Failed password for root from 14.99.254.18 port 53648 ssh2
